// Jest Snapshot v1, https://goo.gl/fbAQLP

exports[`[guest user && desktop] Signin link that looks like a button renders in NavBar 1`] = `
<div>
  <nav
    class="z-50 pt-5 flex justify-between items-center "
  >
    <a
      href="/"
      title="Navigate to homepage"
    >
      <img
        alt="Drop The Needle logo"
        class="mx-auto"
        data-nimg="1"
        decoding="async"
        fetchpriority="high"
        height="100"
        src="/_next/image?url=%2Fdrop-the-needle-logo.webp&w=256&q=75"
        srcset="/_next/image?url=%2Fdrop-the-needle-logo.webp&w=128&q=75 1x, /_next/image?url=%2Fdrop-the-needle-logo.webp&w=256&q=75 2x"
        style="color: transparent;"
        width="100"
      />
    </a>
    <ul
      class="flex pt-0 gap-12"
    >
      <li>
        <a
          class="flex flex-col font-medium text-2xl anim-text hover-underline-animation hover:text-jaffa jaffa text-jaffa after:bg-jaffa"
          href="/"
          title="Home page"
        >
          Home
        </a>
      </li>
      <li>
        <a
          class="flex flex-col font-medium text-2xl anim-text hover-underline-animation hover:text-vermillion vermillion  text-vermillion after:bg-vermillion"
          href="/participate"
          title="Participate page"
        >
          Participate
        </a>
      </li>
      <li>
        <a
          class="flex flex-col font-medium text-2xl anim-text hover-underline-animation hover:text-altGreen altGreen text-altGreen after:bg-altGreen"
          href="/listen"
          title="Listen page"
        >
          Listen
        </a>
      </li>
    </ul>
    <div
      class=""
    >
      <a
        class="text-2xl font-medium px-3 py-1 rounded-lg text-altWhite bg-vermillion"
        href="/signin"
      >
        Signin
      </a>
    </div>
    <div
      class="absolute top-5 right-5"
      data-testid="hamburger-btn"
    >
      <div
        aria-expanded="false"
        class="hamburger-react"
        role="button"
        style="cursor: pointer; height: 48px; position: relative; transition: 0.4s cubic-bezier(0, 0, 0, 1); user-select: none; width: 48px; outline: none;"
        tabindex="0"
      >
        <div
          style="transition: 0.2s cubic-bezier(0, 0, 0, 1) 0.2s; transform: none;"
        >
          <div
            style="background: rgb(52, 52, 52); height: 3px; left: 8px; position: absolute; width: 32px; top: 13px; transition: 0.2s cubic-bezier(0, 0, 0, 1) 0s; transform: none;"
          />
        </div>
        <div
          style="transition: 0.2s cubic-bezier(0, 0, 0, 1); opacity: 1;"
        >
          <div
            style="background: rgb(52, 52, 52); height: 3px; left: 8px; position: absolute; width: 32px; top: 23px; transition: 0.2s cubic-bezier(0, 0, 0, 1);"
          />
        </div>
        <div
          style="transition: 0.2s cubic-bezier(0, 0, 0, 1) 0.2s; transform: none;"
        >
          <div
            style="background: rgb(52, 52, 52); height: 3px; left: 8px; position: absolute; width: 32px; top: 33px; transition: 0.2s cubic-bezier(0, 0, 0, 1) 0s; transform: none;"
          />
        </div>
      </div>
    </div>
  </nav>
</div>
`;
